00:00:46 **** Incremental Build of configuration Debug for project STM32F407_First_DEMO ****
make -j20 all 
arm-none-eabi-size   STM32F407_First_DEMO.elf 
   text	   data	    bss	    dec	    hex	filename
   6016	     20	   1572	   7608	   1db8	STM32F407_First_DEMO.elf
Finished building: default.size.stdout
 
00:00:49 **** Incremental Build of configuration Debug for project STM32F407_First_DEMO ****
make -j20 all 
arm-none-eabi-size   STM32F407_First_DEMO.elf 
   text	   data	    bss	    dec	    hex	filename
   6016	     20	   1572	   7608	   1db8	STM32F407_First_DEMO.elf
Finished building: default.size.stdout
 
00:12:02 **** Incremental Build of configuration Debug for project STM32F407_First_DEMO ****
make -j20 all 
arm-none-eabi-size   STM32F407_First_DEMO.elf 
   text	   data	    bss	    dec	    hex	filename
   6016	     20	   1572	   7608	   1db8	STM32F407_First_DEMO.elf
Finished building: default.size.stdout
 
23:50:58 **** Incremental Build of configuration Debug for project STM32F407_First_DEMO ****
make -j20 all 
arm-none-eabi-size   STM32F407_First_DEMO.elf 
   text	   data	    bss	    dec	    hex	filename
   6016	     20	   1572	   7608	   1db8	STM32F407_First_DEMO.elf
Finished building: default.size.stdout
 
00:02:24 **** Incremental Build of configuration Debug for project STM32F407_First_DEMO ****
make -j20 all 
arm-none-eabi-size   STM32F407_First_DEMO.elf 
   text	   data	    bss	    dec	    hex	filename
   6016	     20	   1572	   7608	   1db8	STM32F407_First_DEMO.elf
Finished building: default.size.stdout
 
