20:57:29 **** Incremental Build of configuration Debug for project STM32F407_First_DEMO ****
make -j20 all 
arm-none-eabi-gcc "../Core/Src/main.c" -mcpu=cortex-m4 -std=gnu11 -g3 -DDEBUG -DUSE_HAL_DRIVER -DSTM32F407xx -c -I../Core/Inc -I../Drivers/STM32F4xx_HAL_Driver/Inc -I../Drivers/STM32F4xx_HAL_Driver/Inc/Legacy -I../Drivers/CMSIS/Device/ST/STM32F4xx/Include -I../Drivers/CMSIS/Include -I../Drivers/BSP/LED -O0 -ffunction-sections -fdata-sections -Wall -fstack-usage -fcyclomatic-complexity -MMD -MP -MF"Core/Src/main.d" -MT"Core/Src/main.o" --specs=nano.specs -mfpu=fpv4-sp-d16 -mfloat-abi=hard -mthumb -o "Core/Src/main.o"
arm-none-eabi-gcc -o "STM32F407_First_DEMO.elf" @"objects.list"   -mcpu=cortex-m4 -T"D:\Work_place\STM32F407_First\STM32F407_DEMO\STM32F407_First_DEMO\STM32F407IGTX_FLASH.ld" --specs=nosys.specs -Wl,-Map="STM32F407_First_DEMO.map" -Wl,--gc-sections -static --specs=nano.specs -mfpu=fpv4-sp-d16 -mfloat-abi=hard -mthumb -Wl,--start-group -lc -lm -Wl,--end-group
Finished building target: STM32F407_First_DEMO.elf
 
arm-none-eabi-size   STM32F407_First_DEMO.elf 
arm-none-eabi-objdump -h -S  STM32F407_First_DEMO.elf  > "STM32F407_First_DEMO.list"
   text	   data	    bss	    dec	    hex	filename
   6016	     20	   1572	   7608	   1db8	STM32F407_First_DEMO.elf
Finished building: default.size.stdout
 
Finished building: STM32F407_First_DEMO.list
 
20:57:36 **** Incremental Build of configuration Debug for project STM32F407_First_DEMO ****
make -j20 all 
arm-none-eabi-size   STM32F407_First_DEMO.elf 
   text	   data	    bss	    dec	    hex	filename
   6016	     20	   1572	   7608	   1db8	STM32F407_First_DEMO.elf
Finished building: default.size.stdout
 
